 
                 __/__/    __/_/__/    __/__/__/  _/__/_/
               __/   __/  __/    __/  __/        __/
              __/__/__/  __/_/__/    __/__/      __/__/
             __/   __/  __/    __/  __/             __/
            __/   __/  __/     __/ __/__/__/  _/__/_/
 
        Debris Risk Assessment and Mitigation Analysis Tool Suite
       MASTER(-based) Assessment of Risk Event Statistics Software
                           (DRAMA-ARES v3.1.1)
 
 -----------------------------------------------------------------------
 ARES version  : 3.1.1
 Build date    : 23-Feb-21
 Platform      : x86_64-linux-gnu
 Compiler      : GNU Fortran (Debian 8.3.0-6) 8.3.0
 -----------------------------------------------------------------------
 [16/04/2025 17:12:57] INFO Starting ARES version 3.1.1
 [16/04/2025 17:12:57] INFO Starting progress report
 [16/04/2025 17:12:57] INFO Loading input file
[[
WARNING Overriding user-input EMR
]]
 [16/04/2025 17:12:57] INFO Validating input file
 [16/04/2025 17:12:57] INFO Allocating resources
 [16/04/2025 17:12:58] INFO Loading covariance tables
 [16/04/2025 17:12:58] INFO Computing population flux
Calling MASTER v8.0.3 API..
Scanning datafiles for most recent reference population...
Fetching population files: Human-made Population...
Most recent reference epoch: 2016/11
Target orbit scenario
 Currently using: FOCUS v2.6.1
Reading from propagation parameter file /Applications/DRAMA-3.1.1/TOOLS/ARES/inp
ut/focus//focus.prm
File operation successful (79) OPENED /Applications/DRAMA-3.1.1/TOOLS/ARES/input
/focus//focus.prm
- static orbit
[[
REMARK in subroutine 'uinput':
  Target orbit epochs overrule simulation time for target orbit scenario.
]]
 _____________YYYY_MM_DD_HH__SMA_______ECC_____INC_____RAAN____AoP
#  1 /   1 :  2016 11 01 00    7162.00 0.00008  98.55   70.17  171.30
Uncertainty indicators available!
Now processing 'Human-made Population' ...
Reading probability table header from /Applications/MASTER-8.0.3/data//cond_2016
1101_00_leo.prb.
 _________________________________________________________________________


 _________________________________________________________________________
         *************** MASTER issued remarks! **************
 _________________________________________________________________________


 _________________________________________________________________________

 [16/04/2025 17:13:13] INFO MASTER issued remarks
 [16/04/2025 17:13:13] INFO Computing detectable and catastrophic fluxes
 [16/04/2025 17:13:15] INFO Minimum detectable size for target orbit / m: 0.531E-01
 [16/04/2025 17:13:16] INFO Trying to merge low and high eccentricity bins
 [16/04/2025 17:13:16] INFO Unable to merge covs for low and high ecc. objects
 [16/04/2025 17:13:16] INFO Computing global fluxes
 [16/04/2025 17:13:16] INFO Computing collision rates
 [16/04/2025 17:13:16] INFO Computing manoeuvre rates and avoidance
 [16/04/2025 17:13:16] INFO Using  9 threads
 [16/04/2025 17:13:18] INFO Building output files
 [16/04/2025 17:13:18] INFO Building gnuplot driver files
 [16/04/2025 17:13:18] INFO Program finished properly
