#_______________________________________________________________________________
#    ######   ####     ##             #####   #####     ##    #    #    ##
#    #       #        #  #            #    #  #    #   #  #   ##  ##   #  #
#    #####    ####   ######           #    #  #####   ######  # ## #  ######
#    #            #  #    #           #    #  #    #  #    #  #    #  #    #
#____######__#####___#____#___________#####___#____#__#____#__#____#__#____#____
#
#              ESA Debris Risk Assessment and Mitigation Analysis
#
#   ---- DRAMA ( SESAM 2.1.5 ( built Nov 27 2024 11:35:36) ) ----
#                                      ESA 2022
#
#                        execution log file -sesam.log-
#                   run date+time: Tue Jun 17 19:58:22 2025

info: Starting Sesam
info: SESAM module initialising
info: Using spacecraft mass calculated from objects.xml: 50.000000
info: Using voxelator cache dir: /Users/jeannelonglune/BaselineSpacecraft/default/SARA/VOXELCASH
warning: oxideReactionProbability for drama-AA7075 < 1.0E-5 or not found. Continuing without oxidation for this material.
warning: oxideReactionProbability for drama-A316 < 1.0E-5 or not found. Continuing without oxidation for this material.
warning: oxideReactionProbability for drama-A316_Semi-Empirical < 1.0E-5 or not found. Continuing without oxidation for this material.
warning: oxideReactionProbability for drama-Bat-Li < 1.0E-5 or not found. Continuing without oxidation for this material.
warning: oxideReactionProbability for drama-Bat-NiCd < 1.0E-5 or not found. Continuing without oxidation for this material.
warning: oxideReactionProbability for drama-Beryllium < 1.0E-5 or not found. Continuing without oxidation for this material.
warning: oxideReactionProbability for drama-Carbon-Carbon < 1.0E-5 or not found. Continuing without oxidation for this material.
warning: oxideReactionProbability for drama-Copper < 1.0E-5 or not found. Continuing without oxidation for this material.
warning: oxideReactionProbability for drama-El-Mat < 1.0E-5 or not found. Continuing without oxidation for this material.
warning: oxideReactionProbability for drama-HC-AA7075 < 1.0E-5 or not found. Continuing without oxidation for this material.
warning: oxideReactionProbability for drama-HC-CFRP-4ply < 1.0E-5 or not found. Continuing without oxidation for this material.
warning: oxideReactionProbability for drama-HC-CFRP-8ply < 1.0E-5 or not found. Continuing without oxidation for this material.
warning: oxideReactionProbability for drama-HiperCo < 1.0E-5 or not found. Continuing without oxidation for this material.
warning: oxideReactionProbability for drama-Inconel718 < 1.0E-5 or not found. Continuing without oxidation for this material.
warning: oxideReactionProbability for drama-Inermet < 1.0E-5 or not found. Continuing without oxidation for this material.
warning: oxideReactionProbability for drama-Invar < 1.0E-5 or not found. Continuing without oxidation for this material.
warning: oxideReactionProbability for drama-Iron < 1.0E-5 or not found. Continuing without oxidation for this material.
warning: oxideReactionProbability for drama-SiC < 1.0E-5 or not found. Continuing without oxidation for this material.
warning: oxideReactionProbability for drama-SolarPanel-Mat < 1.0E-5 or not found. Continuing without oxidation for this material.
warning: oxideReactionProbability for drama-TiAl6v4 < 1.0E-5 or not found. Continuing without oxidation for this material.
warning: oxideReactionProbability for drama-Tungsten < 1.0E-5 or not found. Continuing without oxidation for this material.
info: Fragment satelliteOne initializing
info: Creation of object list
info: Creating Object with UniqueID: 40fcaa52-cb5f-43dd-a085-849770dd754d
info: Opening netCDF file /Applications/DRAMA-3.1.1/TOOLS/SARA/REENTRY/data/ATDB_SPHERE.nc for reading DONE.
info: Using ATDB for SPHERE created with ATDB_converter r1933 on 20190411 from data created by Hyperschall Technologie Göttingen GmbH.
info: Included new object 'new_object' to fragment list
info: Handling of inclusions
info: Handling of connections
info: Using spacecraft mass calculated from objects hierarchy: 50.000000
info: Using computed cross section: 0.125664
info: Using computed drag coefficient: 2.147897
info: Testing for altitude above 139km with input State: system= 235102, epoch= 2026-11-01T12:00:00, elements= 113.400000, -0.435000, 83.966000, 7.374000, -5.000000, 79.386000
info: Initial altitude below 139 km. Converting input for sesam.
info: starting CstateConvertToHtgSesam with input State: system= 235102, epoch= 2026-11-01T12:00:00, elements= 113.400000, -0.435000, 83.966000, 7.374000, -5.000000, 79.386000
info: Using compiled-in static environment.
info: SESAM initialisation DONE.
info: SESAM propagation started
info: Starting propagation of Fragment with uniqueID 40fcaa52-cb5f-43dd-a085-849770dd754d.
info: EVENT area 40fcaa52-cb5f-43dd-a085-849770dd754d 0.125664
info: EVENT start 40fcaa52-cb5f-43dd-a085-849770dd754d 50.000000 0.125664 2026-11-01T12:00:00
warning: The altitude is below the lowest value in the data. Therefore, the lowest altitude for which data are given is used (altitude = 0.000000 m).
This message is shown only once.
info: Fragment 40fcaa52-cb5f-43dd-a085-849770dd754d reached end of life because of ground impact.
info: Object 40fcaa52-cb5f-43dd-a085-849770dd754d reached end of life.
info: EVENT fragment 40fcaa52-cb5f-43dd-a085-849770dd754d impact
info: ObjectTrajectory Written: sara.new_object.40fcaa52-cb5f-43dd-a085-849770dd754d_Trajectory.txt
info: GnuPlotGeneration::GenerateSingleObjectScript Wrote sara.new_object.40fcaa52-cb5f-43dd-a085-849770dd754d.gnu
info: AeroThermalHistory Written: sara.new_object.40fcaa52-cb5f-43dd-a085-849770dd754d_AeroThermalHistory.txt
info: EVENT end 40fcaa52-cb5f-43dd-a085-849770dd754d 42.451078
info: Adding 0 new fragments to fragmentList.
info: ImpactingFragmentXML::WriteXML Wrote sara.ImpactingFragments.xml
info: GnuPlotGeneration::GenerateAllObjectsScript Wrote sara.gnu
info: Propagation Successful
